// Jest Snapshot v1, https://goo.gl/fbAQLP

exports[`Button component matches snapshot 1`] = `
<button
  className="shd-button"
  data-testid="shd-button"
>
  Clique aqui
</button>
`;
